
 Start  Stop   Length Name               Class

 00000H 02519H 0251AH _TEXT              CODE
 0251AH 02716H 001FDH TEST_TEXT          CODE
 02718H 027EDH 000D6H OS_CPU_A_TEXT      CODE
 027EEH 029C3H 001D6H OS_CPU_C_TEXT      CODE
 029C4H 02D40H 0037DH PC_TEXT            CODE
 02D41H 06703H 039C3H UCOS_II_TEXT       CODE
 06710H 06710H 00000H _FARDATA           FAR_DATA
 06710H 06710H 00000H _FARBSS            FAR_BSS
 06710H 06710H 00000H _OVERLAY_          OVRINFO
 06710H 06710H 00000H _1STUB_            STUBSEG
 06710H 06C01H 004F2H _DATA              DATA
 06C02H 06C03H 00002H _CVTSEG            DATA
 06C04H 06C09H 00006H _SCNSEG            DATA
 06C0AH 06C0AH 00000H _CONST             CONST
 06C0AH 06C15H 0000CH _INIT_             INITDATA
 06C16H 06C16H 00000H _INITEND_          INITDATA
 06C16H 06C16H 00000H _EXIT_             EXITDATA
 06C16H 06C16H 00000H _EXITEND_          EXITDATA
 06C16H 08D89H 02174H _BSS               BSS
 08D8AH 08D8AH 00000H _BSSEND            BSSEND
 08D90H 08E0FH 00080H _STACK             STACK


Detailed map of segments

 0000:0000 0295 C=CODE   S=_TEXT          G=(none)  M=c0.ASM     ACBP=28
 0000:0295 002D C=CODE   S=_TEXT          G=(none)  M=ATEXIT     ACBP=28
 0000:02C2 0093 C=CODE   S=_TEXT          G=(none)  M=EXIT       ACBP=28
 0000:0355 0000 C=CODE   S=_TEXT          G=(none)  M=FILES      ACBP=28
 0000:0355 0000 C=CODE   S=_TEXT          G=(none)  M=FILES2     ACBP=28
 0000:0355 0017 C=CODE   S=_TEXT          G=(none)  M=F_LXMUL    ACBP=28
 0000:036C 0026 C=CODE   S=_TEXT          G=(none)  M=GETDATE    ACBP=28
 0000:0392 00AE C=CODE   S=_TEXT          G=(none)  M=H_LDIV     ACBP=28
 0000:0440 0021 C=CODE   S=_TEXT          G=(none)  M=H_LLSH     ACBP=28
 0000:0461 0021 C=CODE   S=_TEXT          G=(none)  M=H_LURSH    ACBP=28
 0000:0482 0060 C=CODE   S=_TEXT          G=(none)  M=H_PADD     ACBP=28
 0000:04E2 004B C=CODE   S=_TEXT          G=(none)  M=IOERROR    ACBP=28
 0000:052D 0011 C=CODE   S=_TEXT          G=(none)  M=ISATTY     ACBP=28
 0000:053E 00A2 C=CODE   S=_TEXT          G=(none)  M=LONGTOA    ACBP=28
 0000:05E0 0029 C=CODE   S=_TEXT          G=(none)  M=LSEEK      ACBP=28
 0000:0609 0021 C=CODE   S=_TEXT          G=(none)  M=N_PCMP     ACBP=28
 0000:062A 00BA C=CODE   S=_TEXT          G=(none)  M=SETUPIO    ACBP=28
 0000:06E4 0000 C=CODE   S=_TEXT          G=(none)  M=STKLEN     ACBP=28
 0000:06E4 04DB C=CODE   S=_TEXT          G=(none)  M=VPRINTER   ACBP=28
 0000:0BBF 009F C=CODE   S=_TEXT          G=(none)  M=VRAM       ACBP=28
 0000:0C5E 0000 C=CODE   S=_TEXT          G=(none)  M=WSCROLL    ACBP=28
 0000:0C5E 014E C=CODE   S=_TEXT          G=(none)  M=CPRINTF    ACBP=28
 0000:0DAC 01A5 C=CODE   S=_TEXT          G=(none)  M=CRTINIT    ACBP=28
 0000:0F51 001F C=CODE   S=_TEXT          G=(none)  M=CVTFAK     ACBP=28
 0000:0F70 0432 C=CODE   S=_TEXT          G=(none)  M=FARHEAP    ACBP=28
 0000:13A2 0140 C=CODE   S=_TEXT          G=(none)  M=FBRK       ACBP=28
 0000:14E2 005E C=CODE   S=_TEXT          G=(none)  M=GETCH      ACBP=28
 0000:1540 00AC C=CODE   S=_TEXT          G=(none)  M=GPTEXT     ACBP=28
 0000:15EC 0012 C=CODE   S=_TEXT          G=(none)  M=KBHIT      ACBP=28
 0000:15FE 009D C=CODE   S=_TEXT          G=(none)  M=MOVETEXT   ACBP=28
 0000:169B 0017 C=CODE   S=_TEXT          G=(none)  M=PUTCH      ACBP=28
 0000:16B2 0004 C=CODE   S=_TEXT          G=(none)  M=REALCVT    ACBP=28
 0000:16B6 01C7 C=CODE   S=_TEXT          G=(none)  M=SCREEN     ACBP=28
 0000:187D 018E C=CODE   S=_TEXT          G=(none)  M=SCROLL     ACBP=28
 0000:1A0B 001C C=CODE   S=_TEXT          G=(none)  M=SETBLOCK   ACBP=28
 0000:1A27 006A C=CODE   S=_TEXT          G=(none)  M=SETJMP     ACBP=28
 0000:1A91 002C C=CODE   S=_TEXT          G=(none)  M=WHEREXY    ACBP=28
 0000:1ABD 00CD C=CODE   S=_TEXT          G=(none)  M=FFLUSH     ACBP=28
 0000:1B8A 0042 C=CODE   S=_TEXT          G=(none)  M=FLUSHALL   ACBP=28
 0000:1BCC 01E2 C=CODE   S=_TEXT          G=(none)  M=FSEEK      ACBP=28
 0000:1DAE 0024 C=CODE   S=_TEXT          G=(none)  M=MEMCPY     ACBP=28
 0000:1DD2 001B C=CODE   S=_TEXT          G=(none)  M=PRINTF     ACBP=28
 0000:1DED 03C8 C=CODE   S=_TEXT          G=(none)  M=PUTC       ACBP=28
 0000:21B5 011D C=CODE   S=_TEXT          G=(none)  M=SETVBUF    ACBP=28
 0000:22D2 0083 C=CODE   S=_TEXT          G=(none)  M=SPRINTF    ACBP=28
 0000:2355 0151 C=CODE   S=_TEXT          G=(none)  M=WRITE      ACBP=28
 0000:24A6 003C C=CODE   S=_TEXT          G=(none)  M=WRITEA     ACBP=28
 0000:24E2 0038 C=CODE   S=_TEXT          G=(none)  M=XFFLUSH    ACBP=28
 0251:000A 01FD C=CODE   S=TEST_TEXT      G=(none)  M=test.c     ACBP=28
 0271:0008 00D6 C=CODE   S=OS_CPU_A_TEXT  G=(none)  M=\SOFTWARE\uCOS-II\Ix86L\BC45\OS_CPU_A.ASM ACBP=48
 027E:000E 01D6 C=CODE   S=OS_CPU_C_TEXT  G=(none)  M=os_cpu_c.c ACBP=28
 029C:0004 037D C=CODE   S=PC_TEXT        G=(none)  M=pc.c       ACBP=28
 02D4:0001 39C3 C=CODE   S=UCOS_II_TEXT   G=(none)  M=ucos_ii.c  ACBP=28
 0671:0000 0000 C=FAR_DATA S=_FARDATA       G=(none)  M=c0.ASM     ACBP=68
 0671:0000 0000 C=FAR_BSS S=_FARBSS        G=(none)  M=c0.ASM     ACBP=68
 0671:0000 0000 C=OVRINFO S=_OVERLAY_      G=(none)  M=c0.ASM     ACBP=68
 0671:0000 0000 C=STUBSEG S=_1STUB_        G=(none)  M=c0.ASM     ACBP=68
 0671:0000 0093 C=DATA   S=_DATA          G=DGROUP  M=c0.ASM     ACBP=68
 0671:0094 0029 C=DATA   S=_DATA          G=DGROUP  M=test.c     ACBP=48
 0671:00BE 0000 C=DATA   S=_DATA          G=DGROUP  M=\SOFTWARE\uCOS-II\Ix86L\BC45\OS_CPU_A.ASM ACBP=48
 0671:00BE 0000 C=DATA   S=_DATA          G=DGROUP  M=os_cpu_c.c ACBP=48
 0671:00BE 001F C=DATA   S=_DATA          G=DGROUP  M=pc.c       ACBP=48
 0671:00DE 012F C=DATA   S=_DATA          G=DGROUP  M=ucos_ii.c  ACBP=48
 0671:020E 0002 C=DATA   S=_DATA          G=DGROUP  M=ATEXIT     ACBP=48
 0671:0210 000C C=DATA   S=_DATA          G=DGROUP  M=EXIT       ACBP=48
 0671:021C 0190 C=DATA   S=_DATA          G=DGROUP  M=FILES      ACBP=48
 0671:03AC 002A C=DATA   S=_DATA          G=DGROUP  M=FILES2     ACBP=48
 0671:03D6 0000 C=DATA   S=_DATA          G=DGROUP  M=F_LXMUL    ACBP=48
 0671:03D6 0000 C=DATA   S=_DATA          G=DGROUP  M=GETDATE    ACBP=48
 0671:03D6 0000 C=DATA   S=_DATA          G=DGROUP  M=H_LDIV     ACBP=48
 0671:03D6 0000 C=DATA   S=_DATA          G=DGROUP  M=H_LLSH     ACBP=48
 0671:03D6 0000 C=DATA   S=_DATA          G=DGROUP  M=H_LURSH    ACBP=48
 0671:03D6 0000 C=DATA   S=_DATA          G=DGROUP  M=H_PADD     ACBP=48
 0671:03D6 005B C=DATA   S=_DATA          G=DGROUP  M=IOERROR    ACBP=48
 0671:0432 0000 C=DATA   S=_DATA          G=DGROUP  M=ISATTY     ACBP=48
 0671:0432 0000 C=DATA   S=_DATA          G=DGROUP  M=LONGTOA    ACBP=48
 0671:0432 0000 C=DATA   S=_DATA          G=DGROUP  M=LSEEK      ACBP=48
 0671:0432 0000 C=DATA   S=_DATA          G=DGROUP  M=N_PCMP     ACBP=48
 0671:0432 0000 C=DATA   S=_DATA          G=DGROUP  M=SETUPIO    ACBP=48
 0671:0432 0002 C=DATA   S=_DATA          G=DGROUP  M=STKLEN     ACBP=48
 0671:0434 0067 C=DATA   S=_DATA          G=DGROUP  M=VPRINTER   ACBP=48
 0671:049C 0000 C=DATA   S=_DATA          G=DGROUP  M=VRAM       ACBP=48
 0671:049C 0002 C=DATA   S=_DATA          G=DGROUP  M=WSCROLL    ACBP=48
 0671:049E 0000 C=DATA   S=_DATA          G=DGROUP  M=CPRINTF    ACBP=48
 0671:049E 0018 C=DATA   S=_DATA          G=DGROUP  M=CRTINIT    ACBP=48
 0671:04B6 0031 C=DATA   S=_DATA          G=DGROUP  M=CVTFAK     ACBP=48
 0671:04E8 0000 C=DATA   S=_DATA          G=DGROUP  M=FARHEAP    ACBP=48
 0671:04E8 0002 C=DATA   S=_DATA          G=DGROUP  M=FBRK       ACBP=48
 0671:04EA 0000 C=DATA   S=_DATA          G=DGROUP  M=GETCH      ACBP=48
 0671:04EA 0000 C=DATA   S=_DATA          G=DGROUP  M=GPTEXT     ACBP=48
 0671:04EA 0002 C=DATA   S=_DATA          G=DGROUP  M=KBHIT      ACBP=48
 0671:04EC 0000 C=DATA   S=_DATA          G=DGROUP  M=MOVETEXT   ACBP=48
 0671:04EC 0000 C=DATA   S=_DATA          G=DGROUP  M=PUTCH      ACBP=48
 0671:04EC 0000 C=DATA   S=_DATA          G=DGROUP  M=REALCVT    ACBP=48
 0671:04EC 0000 C=DATA   S=_DATA          G=DGROUP  M=SCREEN     ACBP=48
 0671:04EC 0000 C=DATA   S=_DATA          G=DGROUP  M=SCROLL     ACBP=48
 0671:04EC 0000 C=DATA   S=_DATA          G=DGROUP  M=SETBLOCK   ACBP=48
 0671:04EC 0000 C=DATA   S=_DATA          G=DGROUP  M=SETJMP     ACBP=48
 0671:04EC 0000 C=DATA   S=_DATA          G=DGROUP  M=WHEREXY    ACBP=48
 0671:04EC 0000 C=DATA   S=_DATA          G=DGROUP  M=FFLUSH     ACBP=48
 0671:04EC 0000 C=DATA   S=_DATA          G=DGROUP  M=FLUSHALL   ACBP=48
 0671:04EC 0000 C=DATA   S=_DATA          G=DGROUP  M=FSEEK      ACBP=48
 0671:04EC 0000 C=DATA   S=_DATA          G=DGROUP  M=MEMCPY     ACBP=48
 0671:04EC 0000 C=DATA   S=_DATA          G=DGROUP  M=PRINTF     ACBP=48
 0671:04EC 0001 C=DATA   S=_DATA          G=DGROUP  M=PUTC       ACBP=48
 0671:04EE 0004 C=DATA   S=_DATA          G=DGROUP  M=SETVBUF    ACBP=48
 0671:04F2 0000 C=DATA   S=_DATA          G=DGROUP  M=SPRINTF    ACBP=48
 0671:04F2 0000 C=DATA   S=_DATA          G=DGROUP  M=WRITE      ACBP=48
 0671:04F2 0000 C=DATA   S=_DATA          G=DGROUP  M=WRITEA     ACBP=48
 0671:04F2 0000 C=DATA   S=_DATA          G=DGROUP  M=XFFLUSH    ACBP=48
 0671:04F2 0000 C=DATA   S=_CVTSEG        G=DGROUP  M=c0.ASM     ACBP=48
 0671:04F2 0002 C=DATA   S=_CVTSEG        G=DGROUP  M=CVTFAK     ACBP=48
 0671:04F4 0000 C=DATA   S=_CVTSEG        G=DGROUP  M=REALCVT    ACBP=48
 0671:04F4 0000 C=DATA   S=_SCNSEG        G=DGROUP  M=c0.ASM     ACBP=48
 0671:04F4 0006 C=DATA   S=_SCNSEG        G=DGROUP  M=CVTFAK     ACBP=48
 0671:04FA 0000 C=CONST  S=_CONST         G=DGROUP  M=c0.ASM     ACBP=48
 0671:04FA 0000 C=INITDATA S=_INIT_         G=DGROUP  M=c0.ASM     ACBP=48
 0671:04FA 0006 C=INITDATA S=_INIT_         G=DGROUP  M=SETUPIO    ACBP=48
 0671:0500 0006 C=INITDATA S=_INIT_         G=DGROUP  M=CRTINIT    ACBP=48
 0671:0506 0000 C=INITDATA S=_INITEND_      G=DGROUP  M=c0.ASM     ACBP=28
 0671:0506 0000 C=EXITDATA S=_EXIT_         G=DGROUP  M=c0.ASM     ACBP=48
 0671:0506 0000 C=EXITDATA S=_EXITEND_      G=DGROUP  M=c0.ASM     ACBP=28
 0671:0506 0000 C=BSS    S=_BSS           G=DGROUP  M=c0.ASM     ACBP=48
 0671:0506 13EC C=BSS    S=_BSS           G=DGROUP  M=test.c     ACBP=48
 0671:18F2 0001 C=BSS    S=_BSS           G=DGROUP  M=os_cpu_c.c ACBP=48
 0671:18F4 001B C=BSS    S=_BSS           G=DGROUP  M=pc.c       ACBP=48
 0671:1910 0CE8 C=BSS    S=_BSS           G=DGROUP  M=ucos_ii.c  ACBP=48
 0671:25F8 0080 C=BSS    S=_BSS           G=DGROUP  M=ATEXIT     ACBP=48
 0671:2678 0000 C=BSS    S=_BSS           G=DGROUP  M=IOERROR    ACBP=48
 0671:2678 0000 C=BSS    S=_BSS           G=DGROUP  M=ISATTY     ACBP=48
 0671:2678 0000 C=BSS    S=_BSS           G=DGROUP  M=LONGTOA    ACBP=48
 0671:2678 0000 C=BSS    S=_BSS           G=DGROUP  M=LSEEK      ACBP=48
 0671:2678 0000 C=BSS    S=_BSS           G=DGROUP  M=SETUPIO    ACBP=48
 0671:2678 0000 C=BSS    S=_BSS           G=DGROUP  M=VPRINTER   ACBP=48
 0671:2678 0000 C=BSS    S=_BSS           G=DGROUP  M=VRAM       ACBP=48
 0671:2678 0000 C=BSS    S=_BSS           G=DGROUP  M=CRTINIT    ACBP=48
 0671:2678 0000 C=BSS    S=_BSS           G=DGROUP  M=GETCH      ACBP=48
 0671:2678 0000 C=BSS    S=_BSS           G=DGROUP  M=KBHIT      ACBP=48
 0671:2678 0000 C=BSS    S=_BSS           G=DGROUP  M=SETBLOCK   ACBP=48
 0671:2678 0000 C=BSS    S=_BSS           G=DGROUP  M=SETJMP     ACBP=48
 0671:2678 0000 C=BSS    S=_BSS           G=DGROUP  M=MEMCPY     ACBP=48
 0671:2678 0001 C=BSS    S=_BSS           G=DGROUP  M=PUTC       ACBP=48
 0671:267A 0000 C=BSS    S=_BSS           G=DGROUP  M=WRITEA     ACBP=48
 0671:267A 0000 C=BSSEND S=_BSSEND        G=DGROUP  M=c0.ASM     ACBP=28
 08D9:0000 0080 C=STACK  S=_STACK         G=(none)  M=c0.ASM     ACBP=74

  Address         Publics by Name

 0671:0000 idle  DATASEG@
 0000:0291 idle  DGROUP@
 0000:0395 idle  F_LDIV@
 0000:03A4 idle  F_LMOD@
 0000:039C       F_LUDIV@
 0000:03AC idle  F_LUMOD@
 0000:0443       F_LXLSH@
 0000:0355       F_LXMUL@
 0000:0464       F_LXURSH@
 0000:0485 idle  F_PADD@
 0000:04B4 idle  F_PSUB@
 0000:0395 idle  LDIV@
 0000:03A4 idle  LMOD@
 0000:039C idle  LUDIV@
 0000:03AC idle  LUMOD@
 0000:0443 idle  LXLSH@
 0000:0355 idle  LXMUL@
 0000:0464 idle  LXURSH@
 0000:0392 idle  N_LDIV@
 0000:03A1 idle  N_LMOD@
 0000:0399 idle  N_LUDIV@
 0000:03A9 idle  N_LUMOD@
 0000:0440       N_LXLSH@
 0000:0461 idle  N_LXURSH@
 0000:0482       N_PADD@
 0000:0609       N_PCMP@
 0000:04B1 idle  N_PSUB@
 0000:0485 idle  PADD@
 0000:04B4 idle  PSUB@
 0000:027A       _abort
 0000:0295 idle  _atexit
 0000:0D90 idle  _cprintf
 0671:150A       _CtxSwMsg
 0671:00A2       _CtxSwMsgCnt
 0671:04AD       _directvideo
 0671:007F       _errno
 0000:031A       _exit
 0000:10B0 idle  _farfree
 0000:11C4 idle  _farmalloc
 0000:1328 idle  _farrealloc
 0000:1ABD       _fflush
 0000:1B8A       _flushall
 0000:1E09 idle  _fputc
 0000:1F9E idle  _fputchar
 0000:10B0       _free
 0000:1C4E       _fseek
 0000:1CCE idle  _ftell
 0000:14E2       _getch
 0000:14FE idle  _getche
 0000:036C       _getdate
 0000:1540       _gettext
 0000:037F       _gettime
 0671:0094 idle  _info
 0000:052D       _isatty
 0000:15EC       _kbhit
 0671:00A0 idle  _line
 0000:1A5D       _longjmp
 0000:05E0       _lseek
 0251:000A       _main
 0000:11BA       _malloc
 0000:1DAE       _memcpy
 0000:15FE       _movetext
 0671:25A8 idle  _OSCPUUsage
 0271:0026       _OSCtxSw
 0671:25F4       _OSCtxSwCtr
 0671:25F0 idle  _OSEventFreeList
 0671:25D0 idle  _OSEventTbl
 02D4:096F idle  _OSFlagAccept
 02D4:0AA1 idle  _OSFlagCreate
 02D4:0B19 idle  _OSFlagDel
 0671:25A9 idle  _OSFlagFreeList
 02D4:0C5B idle  _OSFlagPend
 02D4:0EB5 idle  _OSFlagPost
 02D4:1055 idle  _OSFlagQuery
 0671:25AD idle  _OSFlagTbl
 0671:218B idle  _OSIdleCtr
 0671:25A4 idle  _OSIdleCtrMax
 0671:25A0 idle  _OSIdleCtrRun
 02D4:0001       _OSInit
 027E:000E       _OSInitHookBegin
 027E:000F       _OSInitHookEnd
 0271:0061       _OSIntCtxSw
 02D4:0039 idle  _OSIntEnter
 02D4:004C       _OSIntExit
 0671:219D idle  _OSIntExitY
 0671:219E       _OSIntNesting
 0671:219C idle  _OSLockNesting
 0671:00DE idle  _OSMapTbl
 02D4:12E5 idle  _OSMboxAccept
 02D4:1330 idle  _OSMboxCreate
 02D4:13A5 idle  _OSMboxDel
 02D4:14C3 idle  _OSMboxPend
 02D4:15C5 idle  _OSMboxPost
 02D4:163D idle  _OSMboxPostOpt
 02D4:16E0 idle  _OSMboxQuery
 02D4:17D4 idle  _OSMemCreate
 0671:19AC idle  _OSMemFreeList
 02D4:191F idle  _OSMemGet
 02D4:199D idle  _OSMemPut
 02D4:1A0D idle  _OSMemQuery
 0671:1948 idle  _OSMemTbl
 02D4:1B5A idle  _OSMutexAccept
 02D4:1BE5 idle  _OSMutexCreate
 02D4:1CCB idle  _OSMutexDel
 02D4:1E25 idle  _OSMutexPend
 02D4:2010 idle  _OSMutexPost
 02D4:2198 idle  _OSMutexQuery
 0671:219B       _OSPrioCur
 0671:219A       _OSPrioHighRdy
 02D4:22B3 idle  _OSQAccept
 02D4:2353 idle  _OSQCreate
 02D4:2476 idle  _OSQDel
 02D4:25F3 idle  _OSQFlush
 0671:1944 idle  _OSQFreeList
 02D4:264B idle  _OSQPend
 02D4:2791 idle  _OSQPost
 02D4:2859 idle  _OSQPostFront
 02D4:291B idle  _OSQPostOpt
 02D4:2A59 idle  _OSQQuery
 0671:1914 idle  _OSQTbl
 0671:2199 idle  _OSRdyGrp
 0671:2191 idle  _OSRdyTbl
 0671:2190       _OSRunning
 02D4:0108 idle  _OSSchedLock
 02D4:011E idle  _OSSchedUnlock
 02D4:2BE4 idle  _OSSemAccept
 02D4:2C16       _OSSemCreate
 02D4:2C8A idle  _OSSemDel
 02D4:2DA8 idle  _OSSemPend
 02D4:2E58 idle  _OSSemPost
 02D4:2EB2 idle  _OSSemQuery
 02D4:014B       _OSStart
 0271:0008       _OSStartHighRdy
 02D4:01AA idle  _OSStatInit
 0671:259F idle  _OSStatRdy
 02D4:2F9E idle  _OSTaskChangePrio
 02D4:316A       _OSTaskCreate
 02D4:3227 idle  _OSTaskCreateExt
 027E:0010       _OSTaskCreateHook
 0671:218F idle  _OSTaskCtr
 02D4:3317 idle  _OSTaskDel
 027E:0015       _OSTaskDelHook
 02D4:34F6 idle  _OSTaskDelReq
 027E:001A       _OSTaskIdleHook
 0671:1D8B idle  _OSTaskIdleStk
 02D4:3774 idle  _OSTaskQuery
 02D4:3562 idle  _OSTaskResume
 027E:001B       _OSTaskStatHook
 0671:219F idle  _OSTaskStatStk
 02D4:35E1 idle  _OSTaskStkChk
 027E:001C       _OSTaskStkInit
 027E:0102 idle  _OSTaskStkInit_FPE_x86
 02D4:36C6 idle  _OSTaskSuspend
 027E:01DD       _OSTaskSwHook
 0671:1D87       _OSTCBCur
 0671:1D83 idle  _OSTCBFreeList
 0671:1D7F       _OSTCBHighRdy
 027E:01DE       _OSTCBInitHook
 0671:1D7B idle  _OSTCBList
 0671:1C7B idle  _OSTCBPrioTbl
 0671:19B0 idle  _OSTCBTbl
 0671:18F2       _OSTickDOSCtr
 0271:008E       _OSTickISR
 0671:1910 idle  _OSTime
 02D4:37E2       _OSTimeDly
 02D4:3829 idle  _OSTimeDlyHMSM
 02D4:3918 idle  _OSTimeDlyResume
 02D4:3990       _OSTimeGet
 02D4:39AF       _OSTimeSet
 02D4:01E5       _OSTimeTick
 027E:01E3       _OSTimeTickHook
 0671:00E6 idle  _OSUnMapTbl
 02D4:027B idle  _OSVersion
 02D4:027F idle  _OS_Dummy
 02D4:0280 idle  _OS_EventTaskRdy
 02D4:034A idle  _OS_EventTaskWait
 02D4:03B7 idle  _OS_EventTO
 02D4:040B idle  _OS_EventWaitListInit
 02D4:1177 idle  _OS_FlagInit
 02D4:1236 idle  _OS_FlagUnlink
 02D4:1AB6 idle  _OS_MemInit
 02D4:2B94 idle  _OS_QInit
 02D4:0641 idle  _OS_Sched
 02D4:06EB idle  _OS_TaskIdle
 02D4:0710 idle  _OS_TaskStat
 02D4:07DC idle  _OS_TCBInit
 029C:0004 idle  _PC_DispChar
 029C:0042 idle  _PC_DispClrCol
 029C:0088 idle  _PC_DispClrRow
 029C:00C1       _PC_DispClrScr
 029C:00F2 idle  _PC_DispStr
 029C:0141       _PC_DOSReturn
 029C:0155       _PC_DOSSaveReturn
 029C:01C3       _PC_ElapsedInit
 029C:01D7 idle  _PC_ElapsedStart
 029C:01FD idle  _PC_ElapsedStop
 029C:024E idle  _PC_GetDateTime
 029C:02A1       _PC_GetKey
 029C:02C8       _PC_SetTickRate
 0671:18F4 idle  _PC_TickISR
 029C:0315 idle  _PC_VectGet
 029C:034C       _PC_VectSet
 0000:1DD2       _printf
 0251:01CE idle  _printMessage
 0000:169B       _putch
 0000:1596       _puttext
 0671:0506 idle  _RandomSem
 0000:1321 idle  _realloc
 0000:1A0B       _setblock
 0000:1A27       _setjmp
 0000:21B5       _setvbuf
 0000:2312       _sprintf
 0251:0129 idle  _Task
 0251:0063 idle  _TaskStart
 0671:050A idle  _TaskStartStk
 0671:090A idle  _TaskStk
 0000:1522 idle  _ungetch
 0000:2334 idle  _vsprintf
 0000:1A9B idle  _wherex
 0000:1AAA idle  _wherey
 0000:1000 idle  __AHINCR
 0000:000C idle  __AHSHIFT
 0671:020E       __atexitcnt
 0671:25F8       __atexittbl
 0000:1418       __brk
 0671:008B       __brklvl
 0671:006B idle  __C0argc
 0671:006D idle  __C0argv
 0000:0E72 idle  __c0crtinit
 0671:0071 idle  __C0environ
 0671:04EB       __cChar
 0000:033B idle  __cexit
 0671:04EA       __cFlag
 0000:016A       __checknull
 0000:0157       __cleanup
 0000:0C5E       __CPUTN
 0000:0E8F idle  __crtinit
 0000:0000  Abs  __cvtfak
 0000:0349 idle  __c_exit
 0671:03D6 idle  __doserrno
 0000:051B idle  __DOSERROR
 0671:03D8 idle  __dosErrorToSV
 0671:0075 idle  __envLng
 0671:0077 idle  __envseg
 0671:0079 idle  __envSize
 0000:0329       __exit
 0671:0210       __exitbuf
 0671:0214 idle  __exitfopen
 0671:0218 idle  __exitopen
 0000:1DED idle  __fputc
 0000:1FB2       __FPUTN
 0671:0087       __heapbase
 0671:008F       __heaptop
 0671:005B idle  __Int0Vector
 0671:005F idle  __Int4Vector
 0671:0063 idle  __Int5Vector
 0671:0067 idle  __Int6Vector
 0000:04E2       __IOERROR
 0000:053E       __LONGTOA
 0000:0293 idle  __MMODEL
 0671:03AC       __nfile
 0000:14FB idle  __Ngetche
 0000:151F idle  __Nungetch
 0671:03AE       __openfd
 0671:007D idle  __osmajor
 0671:007E idle  __osminor
 0671:007D idle  __osversion
 0671:007B       __psp
 0000:16B2       __REALCVT
 0671:04F2       __RealCvtVector
 0000:01C0       __restorezero
 0000:1457       __sbrk
 0671:04F4 idle  __ScanTodVector
 0000:17EC       __SCREENIO
 0000:189F       __SCROLL
 0000:062A       __setupio
 0671:0081 idle  __StartTime
 0671:0432       __stklen
 0671:021C       __streams
 0000:016B       __terminate
 0000:0000 idle  __turboCrt
 0000:05C0 idle  __UTOA
 0000:1828       __VALIDATEXY
 0671:007D idle  __version
 0671:049E       __video
 0000:0DE7       __VideoInt
 0000:06FC       __VPRINTER
 0000:0BBF       __VPTR
 0000:0BE4       __VRAM
 0000:1A91       __wherexy
 0000:24A6       __write
 0671:049C       __wscroll
 0000:24E2       __xfflush
 0671:0085 idle  ___brklvl
 0000:0F70 idle  ___first
 0000:0F72 idle  ___last
 0000:0F74 idle  ___rover
 0000:2355       ___write

  Address         Publics by Value

 0000:0000 idle  __turboCrt
 0000:0000  Abs  __cvtfak
 0000:000C idle  __AHSHIFT
 0000:0157       __cleanup
 0000:016A       __checknull
 0000:016B       __terminate
 0000:01C0       __restorezero
 0000:027A       _abort
 0000:0291 idle  DGROUP@
 0000:0293 idle  __MMODEL
 0000:0295 idle  _atexit
 0000:031A       _exit
 0000:0329       __exit
 0000:033B idle  __cexit
 0000:0349 idle  __c_exit
 0000:0355       F_LXMUL@
 0000:0355 idle  LXMUL@
 0000:036C       _getdate
 0000:037F       _gettime
 0000:0392 idle  N_LDIV@
 0000:0395 idle  LDIV@
 0000:0395 idle  F_LDIV@
 0000:0399 idle  N_LUDIV@
 0000:039C       F_LUDIV@
 0000:039C idle  LUDIV@
 0000:03A1 idle  N_LMOD@
 0000:03A4 idle  F_LMOD@
 0000:03A4 idle  LMOD@
 0000:03A9 idle  N_LUMOD@
 0000:03AC idle  LUMOD@
 0000:03AC idle  F_LUMOD@
 0000:0440       N_LXLSH@
 0000:0443       F_LXLSH@
 0000:0443 idle  LXLSH@
 0000:0461 idle  N_LXURSH@
 0000:0464       F_LXURSH@
 0000:0464 idle  LXURSH@
 0000:0482       N_PADD@
 0000:0485 idle  F_PADD@
 0000:0485 idle  PADD@
 0000:04B1 idle  N_PSUB@
 0000:04B4 idle  F_PSUB@
 0000:04B4 idle  PSUB@
 0000:04E2       __IOERROR
 0000:051B idle  __DOSERROR
 0000:052D       _isatty
 0000:053E       __LONGTOA
 0000:05C0 idle  __UTOA
 0000:05E0       _lseek
 0000:0609       N_PCMP@
 0000:062A       __setupio
 0000:06FC       __VPRINTER
 0000:0BBF       __VPTR
 0000:0BE4       __VRAM
 0000:0C5E       __CPUTN
 0000:0D90 idle  _cprintf
 0000:0DE7       __VideoInt
 0000:0E72 idle  __c0crtinit
 0000:0E8F idle  __crtinit
 0000:0F70 idle  ___first
 0000:0F72 idle  ___last
 0000:0F74 idle  ___rover
 0000:1000 idle  __AHINCR
 0000:10B0       _free
 0000:10B0 idle  _farfree
 0000:11BA       _malloc
 0000:11C4 idle  _farmalloc
 0000:1321 idle  _realloc
 0000:1328 idle  _farrealloc
 0000:1418       __brk
 0000:1457       __sbrk
 0000:14E2       _getch
 0000:14FB idle  __Ngetche
 0000:14FE idle  _getche
 0000:151F idle  __Nungetch
 0000:1522 idle  _ungetch
 0000:1540       _gettext
 0000:1596       _puttext
 0000:15EC       _kbhit
 0000:15FE       _movetext
 0000:169B       _putch
 0000:16B2       __REALCVT
 0000:17EC       __SCREENIO
 0000:1828       __VALIDATEXY
 0000:189F       __SCROLL
 0000:1A0B       _setblock
 0000:1A27       _setjmp
 0000:1A5D       _longjmp
 0000:1A91       __wherexy
 0000:1A9B idle  _wherex
 0000:1AAA idle  _wherey
 0000:1ABD       _fflush
 0000:1B8A       _flushall
 0000:1C4E       _fseek
 0000:1CCE idle  _ftell
 0000:1DAE       _memcpy
 0000:1DD2       _printf
 0000:1DED idle  __fputc
 0000:1E09 idle  _fputc
 0000:1F9E idle  _fputchar
 0000:1FB2       __FPUTN
 0000:21B5       _setvbuf
 0000:2312       _sprintf
 0000:2334 idle  _vsprintf
 0000:2355       ___write
 0000:24A6       __write
 0000:24E2       __xfflush
 0251:000A       _main
 0251:0063 idle  _TaskStart
 0251:0129 idle  _Task
 0251:01CE idle  _printMessage
 0271:0008       _OSStartHighRdy
 0271:0026       _OSCtxSw
 0271:0061       _OSIntCtxSw
 0271:008E       _OSTickISR
 027E:000E       _OSInitHookBegin
 027E:000F       _OSInitHookEnd
 027E:0010       _OSTaskCreateHook
 027E:0015       _OSTaskDelHook
 027E:001A       _OSTaskIdleHook
 027E:001B       _OSTaskStatHook
 027E:001C       _OSTaskStkInit
 027E:0102 idle  _OSTaskStkInit_FPE_x86
 027E:01DD       _OSTaskSwHook
 027E:01DE       _OSTCBInitHook
 027E:01E3       _OSTimeTickHook
 029C:0004 idle  _PC_DispChar
 029C:0042 idle  _PC_DispClrCol
 029C:0088 idle  _PC_DispClrRow
 029C:00C1       _PC_DispClrScr
 029C:00F2 idle  _PC_DispStr
 029C:0141       _PC_DOSReturn
 029C:0155       _PC_DOSSaveReturn
 029C:01C3       _PC_ElapsedInit
 029C:01D7 idle  _PC_ElapsedStart
 029C:01FD idle  _PC_ElapsedStop
 029C:024E idle  _PC_GetDateTime
 029C:02A1       _PC_GetKey
 029C:02C8       _PC_SetTickRate
 029C:0315 idle  _PC_VectGet
 029C:034C       _PC_VectSet
 02D4:0001       _OSInit
 02D4:0039 idle  _OSIntEnter
 02D4:004C       _OSIntExit
 02D4:0108 idle  _OSSchedLock
 02D4:011E idle  _OSSchedUnlock
 02D4:014B       _OSStart
 02D4:01AA idle  _OSStatInit
 02D4:01E5       _OSTimeTick
 02D4:027B idle  _OSVersion
 02D4:027F idle  _OS_Dummy
 02D4:0280 idle  _OS_EventTaskRdy
 02D4:034A idle  _OS_EventTaskWait
 02D4:03B7 idle  _OS_EventTO
 02D4:040B idle  _OS_EventWaitListInit
 02D4:0641 idle  _OS_Sched
 02D4:06EB idle  _OS_TaskIdle
 02D4:0710 idle  _OS_TaskStat
 02D4:07DC idle  _OS_TCBInit
 02D4:096F idle  _OSFlagAccept
 02D4:0AA1 idle  _OSFlagCreate
 02D4:0B19 idle  _OSFlagDel
 02D4:0C5B idle  _OSFlagPend
 02D4:0EB5 idle  _OSFlagPost
 02D4:1055 idle  _OSFlagQuery
 02D4:1177 idle  _OS_FlagInit
 02D4:1236 idle  _OS_FlagUnlink
 02D4:12E5 idle  _OSMboxAccept
 02D4:1330 idle  _OSMboxCreate
 02D4:13A5 idle  _OSMboxDel
 02D4:14C3 idle  _OSMboxPend
 02D4:15C5 idle  _OSMboxPost
 02D4:163D idle  _OSMboxPostOpt
 02D4:16E0 idle  _OSMboxQuery
 02D4:17D4 idle  _OSMemCreate
 02D4:191F idle  _OSMemGet
 02D4:199D idle  _OSMemPut
 02D4:1A0D idle  _OSMemQuery
 02D4:1AB6 idle  _OS_MemInit
 02D4:1B5A idle  _OSMutexAccept
 02D4:1BE5 idle  _OSMutexCreate
 02D4:1CCB idle  _OSMutexDel
 02D4:1E25 idle  _OSMutexPend
 02D4:2010 idle  _OSMutexPost
 02D4:2198 idle  _OSMutexQuery
 02D4:22B3 idle  _OSQAccept
 02D4:2353 idle  _OSQCreate
 02D4:2476 idle  _OSQDel
 02D4:25F3 idle  _OSQFlush
 02D4:264B idle  _OSQPend
 02D4:2791 idle  _OSQPost
 02D4:2859 idle  _OSQPostFront
 02D4:291B idle  _OSQPostOpt
 02D4:2A59 idle  _OSQQuery
 02D4:2B94 idle  _OS_QInit
 02D4:2BE4 idle  _OSSemAccept
 02D4:2C16       _OSSemCreate
 02D4:2C8A idle  _OSSemDel
 02D4:2DA8 idle  _OSSemPend
 02D4:2E58 idle  _OSSemPost
 02D4:2EB2 idle  _OSSemQuery
 02D4:2F9E idle  _OSTaskChangePrio
 02D4:316A       _OSTaskCreate
 02D4:3227 idle  _OSTaskCreateExt
 02D4:3317 idle  _OSTaskDel
 02D4:34F6 idle  _OSTaskDelReq
 02D4:3562 idle  _OSTaskResume
 02D4:35E1 idle  _OSTaskStkChk
 02D4:36C6 idle  _OSTaskSuspend
 02D4:3774 idle  _OSTaskQuery
 02D4:37E2       _OSTimeDly
 02D4:3829 idle  _OSTimeDlyHMSM
 02D4:3918 idle  _OSTimeDlyResume
 02D4:3990       _OSTimeGet
 02D4:39AF       _OSTimeSet
 0671:0000 idle  DATASEG@
 0671:005B idle  __Int0Vector
 0671:005F idle  __Int4Vector
 0671:0063 idle  __Int5Vector
 0671:0067 idle  __Int6Vector
 0671:006B idle  __C0argc
 0671:006D idle  __C0argv
 0671:0071 idle  __C0environ
 0671:0075 idle  __envLng
 0671:0077 idle  __envseg
 0671:0079 idle  __envSize
 0671:007B       __psp
 0671:007D idle  __osversion
 0671:007D idle  __osmajor
 0671:007D idle  __version
 0671:007E idle  __osminor
 0671:007F       _errno
 0671:0081 idle  __StartTime
 0671:0085 idle  ___brklvl
 0671:0087       __heapbase
 0671:008B       __brklvl
 0671:008F       __heaptop
 0671:0094 idle  _info
 0671:00A0 idle  _line
 0671:00A2       _CtxSwMsgCnt
 0671:00DE idle  _OSMapTbl
 0671:00E6 idle  _OSUnMapTbl
 0671:020E       __atexitcnt
 0671:0210       __exitbuf
 0671:0214 idle  __exitfopen
 0671:0218 idle  __exitopen
 0671:021C       __streams
 0671:03AC       __nfile
 0671:03AE       __openfd
 0671:03D6 idle  __doserrno
 0671:03D8 idle  __dosErrorToSV
 0671:0432       __stklen
 0671:049C       __wscroll
 0671:049E       __video
 0671:04AD       _directvideo
 0671:04EA       __cFlag
 0671:04EB       __cChar
 0671:04F2       __RealCvtVector
 0671:04F4 idle  __ScanTodVector
 0671:0506 idle  _RandomSem
 0671:050A idle  _TaskStartStk
 0671:090A idle  _TaskStk
 0671:150A       _CtxSwMsg
 0671:18F2       _OSTickDOSCtr
 0671:18F4 idle  _PC_TickISR
 0671:1910 idle  _OSTime
 0671:1914 idle  _OSQTbl
 0671:1944 idle  _OSQFreeList
 0671:1948 idle  _OSMemTbl
 0671:19AC idle  _OSMemFreeList
 0671:19B0 idle  _OSTCBTbl
 0671:1C7B idle  _OSTCBPrioTbl
 0671:1D7B idle  _OSTCBList
 0671:1D7F       _OSTCBHighRdy
 0671:1D83 idle  _OSTCBFreeList
 0671:1D87       _OSTCBCur
 0671:1D8B idle  _OSTaskIdleStk
 0671:218B idle  _OSIdleCtr
 0671:218F idle  _OSTaskCtr
 0671:2190       _OSRunning
 0671:2191 idle  _OSRdyTbl
 0671:2199 idle  _OSRdyGrp
 0671:219A       _OSPrioHighRdy
 0671:219B       _OSPrioCur
 0671:219C idle  _OSLockNesting
 0671:219D idle  _OSIntExitY
 0671:219E       _OSIntNesting
 0671:219F idle  _OSTaskStatStk
 0671:259F idle  _OSStatRdy
 0671:25A0 idle  _OSIdleCtrRun
 0671:25A4 idle  _OSIdleCtrMax
 0671:25A8 idle  _OSCPUUsage
 0671:25A9 idle  _OSFlagFreeList
 0671:25AD idle  _OSFlagTbl
 0671:25D0 idle  _OSEventTbl
 0671:25F0 idle  _OSEventFreeList
 0671:25F4       _OSCtxSwCtr
 0671:25F8       __atexittbl

Program entry point at 0000:0000

